Microchip MPLAB XC8 Compiler V2.35

Linker command line:

-W-3 --edf=C:\Program Files\Microchip\xc8\v2.35\pic\dat\en_msgs.txt -cn \
  -h+dist/default/debug\Temperature_adc.X.debug.sym \
  --cmf=dist/default/debug\Temperature_adc.X.debug.cmf -z -Q16F886 \
  -oC:\Users\Mattbob\AppData\Local\Temp\xcAs4ns.4 --defsym=__MPLAB_BUILD=1 \
  -Mdist/default/debug/Temperature_adc.X.debug.map \
  --md=C:\Users\Mattbob\AppData\Local\Temp\xcAs4ns.dat -E1 \
  -ver=XC8 Compiler --acfsm=1493 -ACODE=00h-07FFhx3,01800h-01EFFh \
  -ASTRCODE=00h-01EFFh -ASTRING=00h-0FFhx31 -ACONST=00h-0FFhx31 \
  -AENTRY=00h-0FFhx31 -ACOMMON=071h-07Fh -ABANK0=020h-06Fh \
  -ABANK1=0A0h-0EFh -ABANK2=0110h-016Fh -ABANK3=0190h-01E4h \
  -ARAM=020h-06Fh,0A0h-0EFh,0110h-016Fh,0190h-01E4h \
  -AABS1=020h-07Fh,0A0h-0EFh,0110h-016Fh,0190h-01EFh -ASFR0=00h-01Fh \
  -ASFR1=080h-09Fh -ASFR2=0100h-010Fh -ASFR3=0180h-018Fh \
  -ACONFIG=02007h-02008h -DCONFIG=2 -AIDLOC=02000h-02003h -DIDLOC=2 \
  -AEEDATA=00h-0FFh/02100h -peeprom_data=EEDATA -DEEDATA=2 -DCODE=2 \
  -DSTRCODE=2 -DSTRING=2 -DCONST=2 -DENTRY=2 \
  -preset_vec=00h,intentry,init,end_init -ppowerup=CODE -pcinit=CODE \
  -pfunctab=ENTRY -k C:\Users\Mattbob\AppData\Local\Temp\xcAs4ns.o \
  dist/default/debug\Temperature_adc.X.debug.o 

Object code version is 3.11

Machine type is 16F886



                Name                               Link     Load   Length Selector   Space Scale
C:\Users\Mattbob\AppData\Local\Temp\xcAs4ns.o
                end_init                              1        1        3        0       0
                reset_vec                             0        0        1        0       0
                config                             2007     2007        2        0       4
                idloc                              2000     2000        4        0       5
dist/default/debug\Temperature_adc.X.debug.o
                cinit                               7FA      7FA        6      FF4       0
                config                             2007     2007        2        0       4
                idloc                              2000     2000        4        0       5
                text1                               778      778       2C      EF0       0
                maintext                            7A4      7A4       56      F48       0
                cstackCOMMON                         71       71        6       71       1
                bssCOMMON                            77       77        2       71       1

TOTAL           Name                               Link     Load   Length     Space
        CLASS   CODE           
                end_init                              1        1        3         0
                cinit                               7FA      7FA        6         0
                reset_vec                             0        0        1         0
                text1                               778      778       2C         0
                maintext                            7A4      7A4       56         0

        CLASS   STRCODE        

        CLASS   STRING         

        CLASS   CONST          

        CLASS   ENTRY          

        CLASS   COMMON         
                cstackCOMMON                         71       71        6         1
                bssCOMMON                            77       77        2         1

        CLASS   BANK0          

        CLASS   BANK1          

        CLASS   BANK2          

        CLASS   BANK3          

        CLASS   RAM            

        CLASS   ABS1           
                abs_s1                               7E       7E        2         1

        CLASS   SFR0           

        CLASS   SFR1           

        CLASS   SFR2           

        CLASS   SFR3           

        CLASS   CONFIG         
                config                             2007     2007        2         4

        CLASS   IDLOC          
                idloc                              2000     2000        4         5

        CLASS   EEDATA         

        CLASS   STACK          



SEGMENTS        Name                           Load    Length   Top    Selector   Space  Class     Delta

                reset_vec                      000000  000004  000004         0       0  CODE        2
                cstackCOMMON                   000071  000008  000079        71       1  COMMON      1
                text1                          000778  00002C  0007A4       EF0       0  CODE        2
                maintext                       0007A4  000056  0007FA       F48       0  CODE        2
                cinit                          0007FA  000006  000800       FF4       0  CODE        2


UNUSED ADDRESS RANGES

        Name                Unused          Largest block    Delta
        BANK0            0020-006F             50           1
        BANK1            00A0-00EF             50           1
        BANK2            0110-016F             60           1
        BANK3            0190-01E4             55           1
        CODE             0004-0777            774           2
                         0800-1EFF            800
        COMMON           0079-007D              5           1
        CONST            0004-0777            100           2
                         0800-1EFF            100
        EEDATA           2100-21FF            100           2
        ENTRY            0004-0777            100           2
                         0800-1EFF            100
        RAM              0020-006F             50           1
                         00A0-00EF             50
                         0110-016F             60
                         0190-01E4             55
        SFR0             0000-001F             20           1
        SFR1             0080-009F             20           1
        SFR2             0100-010F             10           1
        SFR3             0180-018F             10           1
        STRCODE          0004-0777            774           2
                         0800-1EFF           1700
        STRING           0004-0777            100           2
                         0800-1EFF            100

                                  Symbol Table

_ADCON0bits              (abs)        001F
_ADCON1bits              (abs)        009F
_ADRESH                  (abs)        001E
_ADRESL                  (abs)        009E
_ANSEL                   (abs)        0188
_ANSELH                  (abs)        0189
_ANSELbits               (abs)        0188
_PIE1bits                (abs)        008C
_PIR1bits                (abs)        000C
_PORTA                   (abs)        0005
_PORTB                   (abs)        0006
_RB0                     (abs)        0030
_RB1                     (abs)        0031
_RB2                     (abs)        0032
_RB3                     (abs)        0033
_TRISA                   (abs)        0085
_TRISB                   (abs)        0086
__Habs1                  abs1         0000
__Hbank0                 bank0        0000
__Hbank1                 bank1        0000
__Hbank2                 bank2        0000
__Hbank3                 bank3        0000
__HbssCOMMON             bssCOMMON    0000
__Hcinit                 cinit        0800
__Hclrtext               clrtext      0000
__Hcode                  code         0000
__Hcommon                common       0000
__Hconfig                config       2009
__HcstackCOMMON          cstackCOMMON 0000
__Heeprom_data           eeprom_data  0000
__Hend_init              end_init     0004
__Hfunctab               functab      0000
__Hidloc                 idloc        2004
__Hinit                  init         0001
__Hintentry              intentry     0001
__Hmaintext              maintext     0000
__Hpowerup               powerup      0000
__Hram                   ram          0000
__Hreset_vec             reset_vec    0001
__Hsfr0                  sfr0         0000
__Hsfr1                  sfr1         0000
__Hsfr2                  sfr2         0000
__Hsfr3                  sfr3         0000
__Hspace_0               (abs)        0800
__Hspace_1               (abs)        0079
__Hspace_2               (abs)        0000
__Hspace_3               (abs)        0000
__Hspace_4               (abs)        4010
__Hstack                 stack        0000
__Hstrings               strings      0000
__Htext                  text         0000
__Labs1                  abs1         0000
__Lbank0                 bank0        0000
__Lbank1                 bank1        0000
__Lbank2                 bank2        0000
__Lbank3                 bank3        0000
__LbssCOMMON             bssCOMMON    0000
__Lcinit                 cinit        07FA
__Lclrtext               clrtext      0000
__Lcode                  code         0000
__Lcommon                common       0000
__Lconfig                config       0000
__LcstackCOMMON          cstackCOMMON 0000
__Leeprom_data           eeprom_data  0000
__Lend_init              end_init     0001
__Lfunctab               functab      0000
__Lidloc                 idloc        0000
__Linit                  init         0001
__Lintentry              intentry     0001
__Lmaintext              maintext     0000
__Lpowerup               powerup      0000
__Lram                   ram          0000
__Lreset_vec             reset_vec    0000
__Lsfr0                  sfr0         0000
__Lsfr1                  sfr1         0000
__Lsfr2                  sfr2         0000
__Lsfr3                  sfr3         0000
__Lspace_0               (abs)        0000
__Lspace_1               (abs)        0000
__Lspace_2               (abs)        0000
__Lspace_3               (abs)        0000
__Lspace_4               (abs)        0000
__Lstack                 stack        0000
__Lstrings               strings      0000
__Ltext                  text         0000
__S0                     (abs)        0800
__S1                     (abs)        0079
__S3                     (abs)        0000
___int_sp                stack        0000
___latbits               (abs)        0002
___sp                    stack        0000
___stackhi               (abs)        0000
___stacklo               (abs)        0000
__end_of__initialization cinit        07FC
__end_of_exercise_msb    text1        07A4
__end_of_main            maintext     07FA
__initialization         cinit        07FA
__pbssCOMMON             bssCOMMON    0077
__pcstackCOMMON          cstackCOMMON 0071
__pmaintext              maintext     07A4
__ptext1                 text1        0778
_exercise_msb            text1        0778
_main                    maintext     07A4
_result                  bssCOMMON    0077
btemp                    (abs)        007E
end_of_initialization    cinit        07FC
exercise_msb@tmp         cstackCOMMON 0073
intlevel0                functab      0000
intlevel1                functab      0000
intlevel2                functab      0000
intlevel3                functab      0000
intlevel4                functab      0000
intlevel5                functab      0000
reset_vec                reset_vec    0000
start                    init         0001
start_initialization     cinit        07FA
wtemp0                   (abs)        007E


MODULE INFORMATION

Module		Function		Class		Link	Load	Size
newmain.c
		_exercise_msb  		CODE           	0778	0000	44
		_main          		CODE           	07A4	0000	86

newmain.c estimated size: 130

shared
		__initialization		CODE           	07FA	0000	2

shared estimated size: 2

