Microchip MPLAB XC8 Compiler V2.35

Linker command line:

-W-3 --edf=C:\Program Files\Microchip\xc8\v2.35\pic\dat\en_msgs.txt -cn \
  -h+dist/default/production\Temperature_adc.X.production.sym \
  --cmf=dist/default/production\Temperature_adc.X.production.cmf -z \
  -Q16F886 -oC:\Users\ponti\AppData\Local\Temp\xcAs104g.4 \
  --defsym=__MPLAB_BUILD=1 \
  -Mdist/default/production/Temperature_adc.X.production.map \
  --md=C:\Users\ponti\AppData\Local\Temp\xcAs104g.dat -E1 -ver=XC8 Compiler \
  --acfsm=1493 -ACODE=00h-07FFhx4 -ASTRCODE=00h-01FFFh -ASTRING=00h-0FFhx32 \
  -ACONST=00h-0FFhx32 -AENTRY=00h-0FFhx32 -ACOMMON=070h-07Fh \
  -ABANK0=020h-06Fh -ABANK1=0A0h-0EFh -ABANK2=0110h-016Fh \
  -ABANK3=0190h-01EFh -ARAM=020h-06Fh,0A0h-0EFh,0110h-016Fh,0190h-01EFh \
  -AABS1=020h-07Fh,0A0h-0EFh,0110h-016Fh,0190h-01EFh -ASFR0=00h-01Fh \
  -ASFR1=080h-09Fh -ASFR2=0100h-010Fh -ASFR3=0180h-018Fh \
  -ACONFIG=02007h-02008h -DCONFIG=2 -AIDLOC=02000h-02003h -DIDLOC=2 \
  -AEEDATA=00h-0FFh/02100h -peeprom_data=EEDATA -DEEDATA=2 -DCODE=2 \
  -DSTRCODE=2 -DSTRING=2 -DCONST=2 -DENTRY=2 \
  -preset_vec=00h,intentry,init,end_init -ppowerup=CODE -pcinit=CODE \
  -pfunctab=ENTRY -k C:\Users\ponti\AppData\Local\Temp\xcAs104g.o \
  dist/default/production\Temperature_adc.X.production.o 

Object code version is 3.11

Machine type is 16F886



                Name                               Link     Load   Length Selector   Space Scale
C:\Users\ponti\AppData\Local\Temp\xcAs104g.o
                end_init                              0        0        3        0       0
                config                             2007     2007        2        0       4
                idloc                              2000     2000        4        0       5
dist/default/production\Temperature_adc.X.production.o
                cinit                               7B9      7B9       47      F72       0
                config                             2007     2007        2        0       4
                idloc                              2000     2000        4        0       5
                text39                              8AD      8AD       73     115A       0
                text38                             125E     125E        8     24BC       0
                text37                             12BA     12BA       14     2574       0
                text36                             130F     130F       19     261E       0
                text35                             126E     126E        9     24DC       0
                text34                             12E2     12E2       16     25C4       0
                text33                             1341     1341       1A     2682       0
                text32                             135B     135B       1C     26B6       0
                text31                             1488     1488       36     2910       0
                text30                             1377     1377       1D     26EE       0
                text29                             1574     1574       42     2AE8       0
                text28                                6        6       44        C       0
                text27                             14BE     14BE       3A     297C       0
                text26                             1394     1394       25     2728       0
                text25                             1295     1295       12     252A       0
                text24                              D45      D45      2BB     1A8A       0
                text23                             1607     1607       5E     2C0E       0
                text22                             12CE     12CE       14     259C       0
                text21                             1289     1289        C     2512       0
                text20                             16E1     16E1       87     2DC2       0
                text19                             145A     145A       2E     28B4       0
                text18                             1253     1253        4     24A6       0
                text17                             142F     142F       2B     285E       0
                text16                             1405     1405       2A     280A       0
                text15                             1277     1277        9     24EE       0
                text14                             1280     1280        9     2500       0
                text13                             13B9     13B9       25     2772       0
                text12                             1328     1328       19     2650       0
                text11                             15B6     15B6       51     2B6C       0
                text10                             14F8     14F8       3E     29F0       0
                text9                              1536     1536       3E     2A6C       0
                text8                              12F8     12F8       17     25F0       0
                text7                               ABD      ABD      288     157A       0
                text6                              13DE     13DE       27     27BC       0
                text5                                4A       4A      361       94       0
                text4                              1665     1665       7C     2CCA       0
                text3                               920      920       BA     1240       0
                text2                              1768     1768       98     2ED0       0
                text1                               9DA      9DA       E3     13B4       0
                maintext                            3AB      3AB      40E      756       0
                cstackBANK0                          20       20       42       20       1
                cstackCOMMON                         70       70        E       70       1
                cstackBANK1                          A0       A0       34       A0       1
                clrtext                            1266     1266        8     24CC       0
                inittext                           12A7     12A7       13     254E       0
                dataBANK3                           1CC      1CC        7      190       1
                bssBANK3                            190      190       3C      190       1
                dataBANK1                            E8       E8        3       A0       1
                bssBANK1                             D4       D4       14       A0       1
                dataBANK0                            6D       6D        3       20       1
                bssBANK0                             62       62        B       20       1
                strings                             800      800       AB     1000       0
                idataBANK3                         1257     1257        7     24AE       0
                idataBANK1                         1250     1250        3     24A0       0
                idataBANK0                            3        3        3        0       0

TOTAL           Name                               Link     Load   Length     Space
        CLASS   CODE           
                end_init                              0        0        3         0
                cinit                               7B9      7B9       47         0
                text39                              8AD      8AD       73         0
                text38                             125E     125E        8         0
                text37                             12BA     12BA       14         0
                text36                             130F     130F       19         0
                text35                             126E     126E        9         0
                text34                             12E2     12E2       16         0
                text33                             1341     1341       1A         0
                text32                             135B     135B       1C         0
                text31                             1488     1488       36         0
                text30                             1377     1377       1D         0
                text29                             1574     1574       42         0
                text28                                6        6       44         0
                text27                             14BE     14BE       3A         0
                text26                             1394     1394       25         0
                text25                             1295     1295       12         0
                text24                              D45      D45      2BB         0
                text23                             1607     1607       5E         0
                text22                             12CE     12CE       14         0
                text21                             1289     1289        C         0
                text20                             16E1     16E1       87         0
                text19                             145A     145A       2E         0
                text18                             1253     1253        4         0
                text17                             142F     142F       2B         0
                text16                             1405     1405       2A         0
                text15                             1277     1277        9         0
                text14                             1280     1280        9         0
                text13                             13B9     13B9       25         0
                text12                             1328     1328       19         0
                text11                             15B6     15B6       51         0
                text10                             14F8     14F8       3E         0
                text9                              1536     1536       3E         0
                text8                              12F8     12F8       17         0
                text7                               ABD      ABD      288         0
                text6                              13DE     13DE       27         0
                text5                                4A       4A      361         0
                text4                              1665     1665       7C         0
                text3                               920      920       BA         0
                text2                              1768     1768       98         0
                text1                               9DA      9DA       E3         0
                maintext                            3AB      3AB      40E         0
                clrtext                            1266     1266        8         0
                inittext                           12A7     12A7       13         0
                idataBANK3                         1257     1257        7         0
                idataBANK1                         1250     1250        3         0
                idataBANK0                            3        3        3         0

        CLASS   STRCODE        

        CLASS   STRING         
                strings                             800      800       AB         0

        CLASS   CONST          

        CLASS   ENTRY          

        CLASS   COMMON         
                cstackCOMMON                         70       70        E         1

        CLASS   BANK0          
                cstackBANK0                          20       20       42         1
                dataBANK0                            6D       6D        3         1
                bssBANK0                             62       62        B         1

        CLASS   BANK1          
                cstackBANK1                          A0       A0       34         1
                dataBANK1                            E8       E8        3         1
                bssBANK1                             D4       D4       14         1

        CLASS   BANK2          

        CLASS   BANK3          
                dataBANK3                           1CC      1CC        7         1
                bssBANK3                            190      190       3C         1

        CLASS   RAM            

        CLASS   ABS1           
                abs_s1                               7E       7E        2         1

        CLASS   SFR0           

        CLASS   SFR1           

        CLASS   SFR2           

        CLASS   SFR3           

        CLASS   CONFIG         
                config                             2007     2007        2         4

        CLASS   IDLOC          
                idloc                              2000     2000        4         5

        CLASS   EEDATA         

        CLASS   STACK          



SEGMENTS        Name                           Load    Length   Top    Selector   Space  Class     Delta

                reset_vec                      000000  000006  000006         0       0  CODE        2
                text28                         000006  000044  00004A         C       0  CODE        2
                cstackBANK0                    000020  000050  000070        20       1  BANK0       1
                cstackCOMMON                   000070  00000E  00007E        70       1  COMMON      1
                text5                          00004A  000361  0003AB        94       0  CODE        2
                cstackBANK1                    0000A0  00004B  0000EB        A0       1  BANK1       1
                bssBANK3                       000190  000043  0001D3       190       1  BANK3       1
                maintext                       0003AB  00040E  0007B9       756       0  CODE        2
                cinit                          0007B9  000047  000800       F72       0  CODE        2
                strings                        000800  0000AB  0008AB      1000       0  STRING      2
                text39                         0008AD  000073  000920      115A       0  CODE        2
                text3                          000920  0000BA  0009DA      1240       0  CODE        2
                text1                          0009DA  0000E3  000ABD      13B4       0  CODE        2
                text7                          000ABD  000288  000D45      157A       0  CODE        2
                text24                         000D45  0002BB  001000      1A8A       0  CODE        2
                idataBANK1                     001250  000003  001253      24A0       0  CODE        2
                text18                         001253  000004  001257      24A6       0  CODE        2
                idataBANK3                     001257  000007  00125E      24AE       0  CODE        2
                text38                         00125E  000008  001266      24BC       0  CODE        2
                clrtext                        001266  000008  00126E      24CC       0  CODE        2
                text35                         00126E  000009  001277      24DC       0  CODE        2
                text15                         001277  000009  001280      24EE       0  CODE        2
                text14                         001280  000009  001289      2500       0  CODE        2
                text21                         001289  00000C  001295      2512       0  CODE        2
                text25                         001295  000012  0012A7      252A       0  CODE        2
                inittext                       0012A7  000013  0012BA      254E       0  CODE        2
                text37                         0012BA  000014  0012CE      2574       0  CODE        2
                text22                         0012CE  000014  0012E2      259C       0  CODE        2
                text34                         0012E2  000016  0012F8      25C4       0  CODE        2
                text8                          0012F8  000017  00130F      25F0       0  CODE        2
                text36                         00130F  000019  001328      261E       0  CODE        2
                text12                         001328  000019  001341      2650       0  CODE        2
                text33                         001341  00001A  00135B      2682       0  CODE        2
                text32                         00135B  00001C  001377      26B6       0  CODE        2
                text30                         001377  00001D  001394      26EE       0  CODE        2
                text26                         001394  000025  0013B9      2728       0  CODE        2
                text13                         0013B9  000025  0013DE      2772       0  CODE        2
                text6                          0013DE  000027  001405      27BC       0  CODE        2
                text16                         001405  00002A  00142F      280A       0  CODE        2
                text17                         00142F  00002B  00145A      285E       0  CODE        2
                text19                         00145A  00002E  001488      28B4       0  CODE        2
                text31                         001488  000036  0014BE      2910       0  CODE        2
                text27                         0014BE  00003A  0014F8      297C       0  CODE        2
                text10                         0014F8  00003E  001536      29F0       0  CODE        2
                text9                          001536  00003E  001574      2A6C       0  CODE        2
                text29                         001574  000042  0015B6      2AE8       0  CODE        2
                text11                         0015B6  000051  001607      2B6C       0  CODE        2
                text23                         001607  00005E  001665      2C0E       0  CODE        2
                text4                          001665  00007C  0016E1      2CCA       0  CODE        2
                text20                         0016E1  000087  001768      2DC2       0  CODE        2
                text2                          001768  000098  001800      2ED0       0  CODE        2


UNUSED ADDRESS RANGES

        Name                Unused          Largest block    Delta
        BANK1            00EB-00EF              5           1
        BANK2            0110-016F             60           1
        BANK3            01D3-01EF             1D           1
        CODE             08AB-08AC              2           2
                         1000-124F            250
                         1800-1FFF            800
        CONST            08AB-08AC              2           2
                         1000-124F            100
                         1800-1FFF            100
        EEDATA           2100-21FF            100           2
        ENTRY            08AB-08AC              2           2
                         1000-124F            100
                         1800-1FFF            100
        RAM              00EB-00EF              5           1
                         0110-016F             60
                         01D3-01EF             1D
        SFR0             0000-001F             20           1
        SFR1             0080-009F             20           1
        SFR2             0100-010F             10           1
        SFR3             0180-018F             10           1
        STRCODE          08AB-08AC              2           2
                         1000-124F            250
                         1800-1FFF            800
        STRING           08AB-08AC              2           2
                         1000-124F            100
                         1800-1FFF            100

                                  Symbol Table

?__Umul8_16                             cstackCOMMON 0070
?___fladd                               cstackBANK0  003A
?___flmul                               cstackBANK0  0020
?___fltol                               cstackBANK0  004E
?___lwdiv                               cstackCOMMON 0070
?___lwmod                               cstackCOMMON 0078
?___wmul                                cstackCOMMON 0070
?___xxtofl                              cstackCOMMON 0070
?_sprintf                               cstackBANK0  0020
DisplayTemp@buffer1                     cstackBANK0  0038
DisplayTemp@buffer2                     cstackBANK0  0048
I2C_Read@buffer                         cstackCOMMON 0072
I2C_Read@flag                           cstackCOMMON 0071
I2C_Repeated_Start@slave_read_address   cstackCOMMON 0071
I2C_Start@slave_write_address           cstackCOMMON 0071
I2C_Write@data                          cstackCOMMON 0070
IO_Expander_Write@Data                  cstackCOMMON 0072
LCD_CMD@CMD                             cstackCOMMON 0076
LCD_Set_Cursor@COL                      cstackCOMMON 0077
LCD_Set_Cursor@ROW                      cstackCOMMON 007A
LCD_String_xy@location                  cstackBANK0  0025
LCD_String_xy@msg                       cstackBANK0  0021
LCD_String_xy@pos                       cstackBANK0  0020
LCD_String_xy@row                       cstackBANK0  0024
LCD_Write_4Bit@Nibble                   cstackCOMMON 0074
LCD_Write_Char@Data                     cstackCOMMON 0076
LCD_Write_String@Str                    cstackCOMMON 0077
LCD_Write_String@i                      cstackCOMMON 007C
RTC_Calendar_Write@date                 cstackCOMMON 0072
RTC_Calendar_Write@day                  cstackCOMMON 0075
RTC_Calendar_Write@month                cstackCOMMON 0073
RTC_Calendar_Write@year                 cstackCOMMON 0074
RTC_Clock_Write@AM_PM                   cstackCOMMON 0074
RTC_Clock_Write@hour                    cstackCOMMON 0073
RTC_Clock_Write@min                     cstackCOMMON 0072
RTC_Clock_Write@sec                     cstackCOMMON 0076
RTC_Read_Calendar@read_calendar_address cstackCOMMON 0075
RTC_Read_Clock@read_clock_address       cstackCOMMON 0075
_ACKDT                                  (abs)        048D
_ACKEN                                  (abs)        048C
_ACKSTAT                                (abs)        048E
_ADCON0bits                             (abs)        001F
_ADCON1bits                             (abs)        009F
_ADRESH                                 (abs)        001E
_ADRESL                                 (abs)        009E
_ANSEL                                  (abs)        0188
_ANSELH                                 (abs)        0189
_ANSELHbits                             (abs)        0189
_ANSELbits                              (abs)        0188
_BackLight_State                        dataBANK0    006F
_CCP1CONbits                            (abs)        0017
_CCPR1L                                 (abs)        0015
_ChangeBrightness                       text39       08AD
_Date                                   bssBANK1     00DA
_Day                                    bssBANK1     00DC
_DisplayTemp                            text23       1607
_I2C_Ack                                text15       1277
_I2C_Init                               text22       12CE
_I2C_Nack                               text14       1280
_I2C_Read                               text13       13B9
_I2C_Ready                              text38       125E
_I2C_Repeated_Start                     text12       1328
_I2C_Start                              text36       130F
_I2C_Stop                               text35       126E
_I2C_Write                              text37       12BA
_IO_Expander_Write                      text34       12E2
_LCD_CMD                                text32       135B
_LCD_Clear                              text21       1289
_LCD_Init                               text20       16E1
_LCD_Set_Cursor                         text31       1488
_LCD_String_xy                          text19       145A
_LCD_Write_4Bit                         text33       1341
_LCD_Write_Char                         text30       1377
_LCD_Write_String                       text29       1574
_LED_Init                               text18       1253
_Month                                  bssBANK1     00D8
_PEN                                    (abs)        048A
_PIE1bits                               (abs)        008C
_PIR1bits                               (abs)        000C
_PORTB                                  (abs)        0006
_PORTBbits                              (abs)        0006
_PR2                                    (abs)        0092
_PSTRCONbits                            (abs)        009D
_RB5                                    (abs)        0035
_RC3                                    (abs)        003B
_RCEN                                   (abs)        048B
_RE3                                    (abs)        004B
_RS                                     bssBANK0     006A
_RSEN                                   (abs)        0489
_RTC_Calendar_Write                     text17       142F
_RTC_Clock_Write                        text16       1405
_RTC_Read_Calendar                      text11       15B6
_RTC_Read_Clock                         text10       14F8
_ReadPhoto                              text9        1536
_RotaryEncoder_Init                     text8        12F8
_SSPADD                                 (abs)        0093
_SSPBUF                                 (abs)        0013
_SSPCON                                 (abs)        0014
_SSPCON2                                (abs)        0091
_SSPCON2bits                            (abs)        0091
_SSPIE                                  (abs)        0463
_SSPIF                                  (abs)        0063
_SSPSTAT                                (abs)        0094
_SSPSTATbits                            (abs)        0094
_T2CON                                  (abs)        0012
_TRISB                                  (abs)        0086
_TRISBbits                              (abs)        0086
_TRISC                                  (abs)        0087
_TRISCbits                              (abs)        0087
_TRISE                                  (abs)        0089
_Temp_Mode                              bssBANK0     0064
_Update_Celsius                         text2        1768
_Update_Celsius$1587                    cstackBANK0  005B
_Update_Farenheit                       text1        09DA
_Update_Farenheit$1586                  cstackBANK0  005B
_Year                                   bssBANK1     00D6
__Habs1                                 abs1         0000
__Hbank0                                bank0        0000
__Hbank1                                bank1        0000
__Hbank2                                bank2        0000
__Hbank3                                bank3        0000
__HbssBANK0                             bssBANK0     0000
__HbssBANK1                             bssBANK1     0000
__HbssBANK3                             bssBANK3     0000
__Hcinit                                cinit        0800
__Hclrtext                              clrtext      0000
__Hcode                                 code         0000
__Hcommon                               common       0000
__Hconfig                               config       2009
__HcstackBANK0                          cstackBANK0  0000
__HcstackBANK1                          cstackBANK1  0000
__HcstackCOMMON                         cstackCOMMON 0000
__HdataBANK0                            dataBANK0    0000
__HdataBANK1                            dataBANK1    0000
__HdataBANK3                            dataBANK3    0000
__Heeprom_data                          eeprom_data  0000
__Hend_init                             end_init     0003
__Hfunctab                              functab      0000
__HidataBANK0                           idataBANK0   0000
__HidataBANK1                           idataBANK1   0000
__HidataBANK3                           idataBANK3   0000
__Hidloc                                idloc        2004
__Hinit                                 init         0000
__Hinittext                             inittext     0000
__Hintentry                             intentry     0000
__Hmaintext                             maintext     0000
__Hpowerup                              powerup      0000
__Hram                                  ram          0000
__Hreset_vec                            reset_vec    0000
__Hsfr0                                 sfr0         0000
__Hsfr1                                 sfr1         0000
__Hsfr2                                 sfr2         0000
__Hsfr3                                 sfr3         0000
__Hspace_0                              (abs)        1800
__Hspace_1                              (abs)        01D3
__Hspace_2                              (abs)        0000
__Hspace_3                              (abs)        0000
__Hspace_4                              (abs)        4010
__Hstack                                stack        0000
__Hstrings                              strings      0000
__Htext                                 text         0000
__Labs1                                 abs1         0000
__Lbank0                                bank0        0000
__Lbank1                                bank1        0000
__Lbank2                                bank2        0000
__Lbank3                                bank3        0000
__LbssBANK0                             bssBANK0     0000
__LbssBANK1                             bssBANK1     0000
__LbssBANK3                             bssBANK3     0000
__Lcinit                                cinit        07B9
__Lclrtext                              clrtext      0000
__Lcode                                 code         0000
__Lcommon                               common       0000
__Lconfig                               config       0000
__LcstackBANK0                          cstackBANK0  0000
__LcstackBANK1                          cstackBANK1  0000
__LcstackCOMMON                         cstackCOMMON 0000
__LdataBANK0                            dataBANK0    0000
__LdataBANK1                            dataBANK1    0000
__LdataBANK3                            dataBANK3    0000
__Leeprom_data                          eeprom_data  0000
__Lend_init                             end_init     0000
__Lfunctab                              functab      0000
__LidataBANK0                           idataBANK0   0000
__LidataBANK1                           idataBANK1   0000
__LidataBANK3                           idataBANK3   0000
__Lidloc                                idloc        0000
__Linit                                 init         0000
__Linittext                             inittext     0000
__Lintentry                             intentry     0000
__Lmaintext                             maintext     0000
__Lpowerup                              powerup      0000
__Lram                                  ram          0000
__Lreset_vec                            reset_vec    0000
__Lsfr0                                 sfr0         0000
__Lsfr1                                 sfr1         0000
__Lsfr2                                 sfr2         0000
__Lsfr3                                 sfr3         0000
__Lspace_0                              (abs)        0000
__Lspace_1                              (abs)        0000
__Lspace_2                              (abs)        0000
__Lspace_3                              (abs)        0000
__Lspace_4                              (abs)        0000
__Lstack                                stack        0000
__Lstrings                              strings      0000
__Ltext                                 text         0000
__S0                                    (abs)        1800
__S1                                    (abs)        01D3
__S3                                    (abs)        0000
__Umul8_16                              text6        13DE
__Umul8_16@multiplicand                 cstackCOMMON 0070
__Umul8_16@multiplier                   cstackCOMMON 0078
__Umul8_16@product                      cstackCOMMON 0074
__Umul8_16@word_mpld                    cstackCOMMON 0076
___fladd                                text7        0ABD
___fladd@a                              cstackBANK0  003E
___fladd@aexp                           cstackBANK0  004B
___fladd@b                              cstackBANK0  003A
___fladd@bexp                           cstackBANK0  004C
___fladd@grs                            cstackBANK0  004D
___fladd@signs                          cstackBANK0  004A
___flmul                                text5        004A
___flmul@a                              cstackBANK0  0024
___flmul@aexp                           cstackBANK0  0032
___flmul@b                              cstackBANK0  0020
___flmul@bexp                           cstackBANK0  0033
___flmul@grs                            cstackBANK0  002E
___flmul@prod                           cstackBANK0  0034
___flmul@sign                           cstackBANK0  002D
___flmul@temp                           cstackBANK0  0038
___fltol                                text4        1665
___fltol@exp1                           cstackBANK0  0058
___fltol@f1                             cstackBANK0  004E
___fltol@sign1                          cstackBANK0  0057
___int_sp                               stack        0000
___latbits                              (abs)        0002
___lwdiv                                text28       0006
___lwdiv@counter                        cstackCOMMON 0077
___lwdiv@dividend                       cstackCOMMON 0072
___lwdiv@divisor                        cstackCOMMON 0070
___lwdiv@quotient                       cstackCOMMON 0075
___lwmod                                text27       14BE
___lwmod@counter                        cstackCOMMON 007D
___lwmod@dividend                       cstackCOMMON 007A
___lwmod@divisor                        cstackCOMMON 0078
___sp                                   stack        0000
___stackhi                              (abs)        0000
___stacklo                              (abs)        0000
___wmul                                 text26       1394
___wmul@multiplicand                    cstackCOMMON 0072
___wmul@multiplier                      cstackCOMMON 0070
___wmul@product                         cstackCOMMON 0074
___xxtofl                               text3        0920
___xxtofl@arg                           cstackCOMMON 007A
___xxtofl@exp                           cstackCOMMON 0079
___xxtofl@sign                          cstackCOMMON 0078
___xxtofl@val                           cstackCOMMON 0070
__end_of_ChangeBrightness               text39       0920
__end_of_DisplayTemp                    text23       1665
__end_of_I2C_Ack                        text15       1280
__end_of_I2C_Init                       text22       12E2
__end_of_I2C_Nack                       text14       1289
__end_of_I2C_Read                       text13       13DE
__end_of_I2C_Ready                      text38       1266
__end_of_I2C_Repeated_Start             text12       1341
__end_of_I2C_Start                      text36       1328
__end_of_I2C_Stop                       text35       1277
__end_of_I2C_Write                      text37       12CE
__end_of_IO_Expander_Write              text34       12F8
__end_of_LCD_CMD                        text32       1377
__end_of_LCD_Clear                      text21       1295
__end_of_LCD_Init                       text20       1768
__end_of_LCD_Set_Cursor                 text31       14BE
__end_of_LCD_String_xy                  text19       1488
__end_of_LCD_Write_4Bit                 text33       135B
__end_of_LCD_Write_Char                 text30       1394
__end_of_LCD_Write_String               text29       15B6
__end_of_LED_Init                       text18       1257
__end_of_RTC_Calendar_Write             text17       145A
__end_of_RTC_Clock_Write                text16       142F
__end_of_RTC_Read_Calendar              text11       1607
__end_of_RTC_Read_Clock                 text10       1536
__end_of_ReadPhoto                      text9        1574
__end_of_RotaryEncoder_Init             text8        130F
__end_of_Update_Celsius                 text2        1800
__end_of_Update_Farenheit               text1        0ABD
__end_of__Umul8_16                      text6        1405
__end_of___fladd                        text7        0D45
__end_of___flmul                        text5        03AB
__end_of___fltol                        text4        16E1
__end_of___lwdiv                        text28       004A
__end_of___lwmod                        text27       14F8
__end_of___wmul                         text26       13B9
__end_of___xxtofl                       text3        09DA
__end_of__initialization                cinit        07FC
__end_of__stringtab                     strings      0810
__end_of_dpowers                        strings      081A
__end_of_hexpowers                      strings      0822
__end_of_isdigit                        text25       12A7
__end_of_main                           maintext     07B9
__end_of_sprintf                        text24       1000
__initialization                        cinit        07B9
__pbssBANK0                             bssBANK0     0062
__pbssBANK1                             bssBANK1     00D4
__pbssBANK3                             bssBANK3     0190
__pcstackBANK0                          cstackBANK0  0020
__pcstackBANK1                          cstackBANK1  00A0
__pcstackCOMMON                         cstackCOMMON 0070
__pdataBANK0                            dataBANK0    006D
__pdataBANK1                            dataBANK1    00E8
__pdataBANK3                            dataBANK3    01CC
__pidataBANK0                           idataBANK0   0003
__pidataBANK1                           idataBANK1   1250
__pidataBANK3                           idataBANK3   1257
__pmaintext                             maintext     03AB
__pstrings                              strings      0800
__ptext1                                text1        09DA
__ptext10                               text10       14F8
__ptext11                               text11       15B6
__ptext12                               text12       1328
__ptext13                               text13       13B9
__ptext14                               text14       1280
__ptext15                               text15       1277
__ptext16                               text16       1405
__ptext17                               text17       142F
__ptext18                               text18       1253
__ptext19                               text19       145A
__ptext2                                text2        1768
__ptext20                               text20       16E1
__ptext21                               text21       1289
__ptext22                               text22       12CE
__ptext23                               text23       1607
__ptext24                               text24       0D45
__ptext25                               text25       1295
__ptext26                               text26       1394
__ptext27                               text27       14BE
__ptext28                               text28       0006
__ptext29                               text29       1574
__ptext3                                text3        0920
__ptext30                               text30       1377
__ptext31                               text31       1488
__ptext32                               text32       135B
__ptext33                               text33       1341
__ptext34                               text34       12E2
__ptext35                               text35       126E
__ptext36                               text36       130F
__ptext37                               text37       12BA
__ptext38                               text38       125E
__ptext39                               text39       08AD
__ptext4                                text4        1665
__ptext5                                text5        004A
__ptext6                                text6        13DE
__ptext7                                text7        0ABD
__ptext8                                text8        12F8
__ptext9                                text9        1536
__stringbase                            strings      080F
__stringtab                             strings      0800
_brightness                             dataBANK1    00EA
_btnState                               bssBANK1     00D4
_colorIncrement                         dataBANK0    006D
_date                                   bssBANK3     01A4
_days                                   dataBANK3    01CC
_dpowers                                strings      0810
_hexpowers                              strings      081A
_hour                                   bssBANK1     00DE
_hours                                  bssBANK3     01AE
_isdigit                                text25       1295
_isdigit$1375                           cstackCOMMON 0070
_lastStateCLK                           bssBANK0     0062
_main                                   maintext     03AB
_min                                    bssBANK1     00E0
_mins                                   bssBANK3     01B8
_month                                  bssBANK3     019A
_photo_result                           bssBANK1     00E6
_result                                 bssBANK0     006B
_sec                                    bssBANK1     00E2
_secs                                   bssBANK3     01C2
_sprintf                                text24       0D45
_temperature_c                          bssBANK0     0068
_temperature_f                          bssBANK0     0066
_year                                   bssBANK3     0190
btemp                                   (abs)        007E
clear_ram0                              clrtext      1266
end_of_initialization                   cinit        07FC
init_fetch0                             inittext     12A7
init_ram0                               inittext     12AB
intlevel0                               functab      0000
intlevel1                               functab      0000
intlevel2                               functab      0000
intlevel3                               functab      0000
intlevel4                               functab      0000
intlevel5                               functab      0000
isdigit@c                               cstackCOMMON 0071
main@buffer3                            cstackBANK1  00A0
main@buffer3_610                        cstackBANK1  00B0
main@buffer3_613                        cstackBANK1  00C0
main@displayMode                        cstackBANK1  00D2
main@tmp                                cstackBANK1  00D0
reset_vec                               reset_vec    0000
sprintf@ap                              cstackBANK0  002C
sprintf@c                               cstackBANK0  0034
sprintf@cp                              cstackBANK0  002A
sprintf@f                               cstackBANK0  0022
sprintf@flag                            cstackBANK0  002F
sprintf@idx                             cstackBANK0  0028
sprintf@len                             cstackBANK0  002D
sprintf@prec                            cstackBANK0  0029
sprintf@sp                              cstackBANK0  0020
sprintf@val                             cstackBANK0  0030
sprintf@width                           cstackBANK0  0032
start                                   init         0000
start_initialization                    cinit        07B9
wtemp0                                  (abs)        007E


MODULE INFORMATION

Module		Function		Class		Link	Load	Size
C:\Program Files\Microchip\xc8\v2.35\pic\sources\c90\common\xxtofl.c
		___xxtofl      		CODE           	0920	0000	186

C:\Program Files\Microchip\xc8\v2.35\pic\sources\c90\common\xxtofl.c estimated size: 186

RotaryEncoder.c
		_RotaryEncoder_Init		CODE           	12F8	0000	23
		_ChangeBrightness		CODE           	08AD	0000	115

RotaryEncoder.c estimated size: 138

LED.c
		_LED_Init      		CODE           	1253	0000	4

LED.c estimated size: 4

I2C_Master.c
		_I2C_Write     		CODE           	12BA	0000	20
		_I2C_Stop      		CODE           	126E	0000	9
		_I2C_Read      		CODE           	13B9	0000	37
		_I2C_Ready     		CODE           	125E	0000	8
		_I2C_Init      		CODE           	12CE	0000	20
		_I2C_Repeated_Start		CODE           	1328	0000	25
		_I2C_Ack       		CODE           	1277	0000	9
		_I2C_Nack      		CODE           	1280	0000	9
		_I2C_Start     		CODE           	130F	0000	25

I2C_Master.c estimated size: 162

C:\Program Files\Microchip\xc8\v2.35\pic\sources\c90\common\lwdiv.c
		___lwdiv       		CODE           	0006	0000	68

C:\Program Files\Microchip\xc8\v2.35\pic\sources\c90\common\lwdiv.c estimated size: 68

C:\Program Files\Microchip\xc8\v2.35\pic\sources\c90\common\fltol.c
		___fltol       		CODE           	1665	0000	124

C:\Program Files\Microchip\xc8\v2.35\pic\sources\c90\common\fltol.c estimated size: 124

Temp.c
		_Update_Farenheit		CODE           	09DA	0000	227
		_Update_Celsius		CODE           	1768	0000	152
		_DisplayTemp   		CODE           	1607	0000	94

Temp.c estimated size: 473

C:\Program Files\Microchip\xc8\v2.35\pic\sources\c90\common\doprnt.c
		_sprintf       		CODE           	0D45	0000	699

C:\Program Files\Microchip\xc8\v2.35\pic\sources\c90\common\doprnt.c estimated size: 699

C:\Program Files\Microchip\xc8\v2.35\pic\sources\c90\common\sprcmul.c
		___flmul       		CODE           	004A	0000	865

C:\Program Files\Microchip\xc8\v2.35\pic\sources\c90\common\sprcmul.c estimated size: 865

shared
		__stringtab    		STRING         	0800	0000	16
		_dpowers       		STRING         	0810	0000	10
		__initialization		CODE           	07B9	0000	67
		_hexpowers     		STRING         	081A	0000	8

shared estimated size: 101

C:\Program Files\Microchip\xc8\v2.35\pic\sources\c90\common\Umul16.c
		___wmul        		CODE           	1394	0000	37

C:\Program Files\Microchip\xc8\v2.35\pic\sources\c90\common\Umul16.c estimated size: 37

C:\Program Files\Microchip\xc8\v2.35\pic\sources\c90\common\Umul8_16.c
		__Umul8_16     		CODE           	13DE	0000	39

C:\Program Files\Microchip\xc8\v2.35\pic\sources\c90\common\Umul8_16.c estimated size: 39

PhotoResistor.c
		_ReadPhoto     		CODE           	1536	0000	62

PhotoResistor.c estimated size: 62

C:\Program Files\Microchip\xc8\v2.35\pic\sources\c90\common\lwmod.c
		___lwmod       		CODE           	14BE	0000	58

C:\Program Files\Microchip\xc8\v2.35\pic\sources\c90\common\lwmod.c estimated size: 58

interface_main.c
		_main          		CODE           	03AB	0000	1038

interface_main.c estimated size: 1038

C:\Program Files\Microchip\xc8\v2.35\pic\sources\c90\common\isdigit.c
		_isdigit       		CODE           	1295	0000	18

C:\Program Files\Microchip\xc8\v2.35\pic\sources\c90\common\isdigit.c estimated size: 18

RTC.c
		_RTC_Clock_Write		CODE           	1405	0000	42
		_RTC_Calendar_Write		CODE           	142F	0000	43
		_RTC_Read_Clock		CODE           	14F8	0000	62
		_RTC_Read_Calendar		CODE           	15B6	0000	81

RTC.c estimated size: 228

C:\Program Files\Microchip\xc8\v2.35\pic\sources\c90\common\sprcadd.c
		___fladd       		CODE           	0ABD	0000	648

C:\Program Files\Microchip\xc8\v2.35\pic\sources\c90\common\sprcadd.c estimated size: 648

LCD.c
		_LCD_Init      		CODE           	16E1	0000	135
		_LCD_Write_4Bit		CODE           	1341	0000	26
		_LCD_Write_Char		CODE           	1377	0000	29
		_LCD_String_xy 		CODE           	145A	0000	46
		_LCD_CMD       		CODE           	135B	0000	28
		_LCD_Set_Cursor		CODE           	1488	0000	54
		_LCD_Clear     		CODE           	1289	0000	12
		_IO_Expander_Write		CODE           	12E2	0000	22
		_LCD_Write_String		CODE           	1574	0000	66

LCD.c estimated size: 418

